// Jest Snapshot v1, https://goo.gl/fbAQLP

exports[`should render 1`] = `
<p>
  2018 Makina Corpus
</p>
`;
